###############################################################################
#
# IAR ELF Linker V8.32.1.169/W32 for ARM                  17/Dec/2018  05:46:11
# Copyright 2007-2018 IAR Systems AB.
#
#    Output file  =  C:\embedded_programming\ST_Test2\Debug\Exe\project.out
#    Map file     =  C:\embedded_programming\ST_Test2\Debug\List\project.map
#    Command line =  
#        -f C:\Users\John\AppData\Local\Temp\EW49CB.tmp
#        (C:\embedded_programming\ST_Test2\Debug\Obj\main.o --no_out_extension
#        -o C:\embedded_programming\ST_Test2\Debug\Exe\project.out --redirect
#        _Printf=_PrintfFullNoMb --redirect _Scanf=_ScanfFullNoMb --map
#        C:\embedded_programming\ST_Test2\Debug\List\project.map --config
#        "C:\Program Files (x86)\IAR Systems\Embedded Workbench
#        8.2\arm\config\linker\ST\stm32f303x8.icf" --semihosting --entry
#        __iar_program_start --vfe --text_out locale)
#
###############################################################################

*******************************************************************************
*** RUNTIME MODEL ATTRIBUTES
***

CppFlavor       = *
__SystemLibrary = DLib
__dlib_version  = 6


*******************************************************************************
*** HEAP SELECTION
***

The basic heap was selected because some modules are built with
size limitations (and not runtime checking), and --advanced_heap
was not specified.


*******************************************************************************
*** PLACEMENT SUMMARY
***

"A0":  place at 0x800'0000 { ro section .intvec };
"P1":  place in [from 0x800'0000 to 0x800'ffff] { ro };
define block CSTACK with size = 2K, alignment = 8 { };
define block HEAP with size = 4K, alignment = 8 { };
"P2":  place in [from 0x2000'0000 to 0x2000'2fff] {
          rw, block CSTACK, block HEAP };

No sections matched the following patterns:

  rw               in "P2"
  section .ccmram  in "P3"


  Section   Kind         Address   Size  Object
  -------   ----         -------   ----  ------
"A0":                              0x40
  .intvec   ro code   0x800'0000   0x40  vector_table_M.o [4]
                    - 0x800'0040   0x40

"P1":                             0x43c
  .text     ro code   0x800'0040  0x1a2  DblMul.o [3]
  .text     ro code   0x800'01e2    0x2  vector_table_M.o [4]
  .text     ro code   0x800'01e4  0x194  main.o [1]
  .text     ro code   0x800'0378   0x22  S32ToDbl.o [3]
  .text     ro code   0x800'039c   0x68  DblToFlt.o [3]
  .text     ro code   0x800'0404   0x22  fpinit_M.o [3]
  .text     ro code   0x800'0428   0x1e  cmain.o [4]
  .text     ro code   0x800'0446    0x4  low_level_init.o [2]
  .text     ro code   0x800'044a    0x4  exit.o [2]
  .text     ro code   0x800'0450    0xa  cexit.o [4]
  .text     ro code   0x800'045c   0x14  exit.o [5]
  .text     ro code   0x800'0470    0xc  cstartup_M.o [4]
                    - 0x800'047c  0x43c

"P2":                             0x800
  CSTACK             0x2000'0000  0x800  <Block>
    CSTACK  uninit   0x2000'0000  0x800  <Block tail>
                   - 0x2000'0800  0x800

Unused ranges:

         From           To    Size
         ----           --    ----
   0x800'047c   0x800'ffff  0xfb84
  0x2000'0800  0x2000'2fff  0x2800



*******************************************************************************
*** MODULE SUMMARY
***

    Module            ro code  rw data
    ------            -------  -------
command line/config:
    ----------------------------------
    Total:

C:\embedded_programming\ST_Test2\Debug\Obj: [1]
    main.o                404
    ----------------------------------
    Total:                404

dl7M_tln.a: [2]
    exit.o                  4
    low_level_init.o        4
    ----------------------------------
    Total:                  8

m7M_tls.a: [3]
    DblMul.o              418
    DblToFlt.o            104
    S32ToDbl.o             34
    fpinit_M.o             34
    ----------------------------------
    Total:                590

rt7M_tl.a: [4]
    cexit.o                10
    cmain.o                30
    cstartup_M.o           12
    vector_table_M.o       66
    ----------------------------------
    Total:                118

shb_l.a: [5]
    exit.o                 20
    ----------------------------------
    Total:                 20

    Gaps                    8
    Linker created               2 048
--------------------------------------
    Grand Total:        1 148    2 048


*******************************************************************************
*** ENTRY LIST
***

Entry                     Address   Size  Type      Object
-----                     -------   ----  ----      ------
?main                  0x800'0429         Code  Gb  cmain.o [4]
CSTACK$$Base          0x2000'0000          --   Gb  - Linker created -
CSTACK$$Limit         0x2000'0800          --   Gb  - Linker created -
Region$$Table$$Base           0x0          --   Gb  - Linker created -
Region$$Table$$Limit          0x0          --   Gb  - Linker created -
__aeabi_d2f            0x800'039d         Code  Gb  DblToFlt.o [3]
__aeabi_dmul           0x800'0041         Code  Gb  DblMul.o [3]
__aeabi_i2d            0x800'0379         Code  Gb  S32ToDbl.o [3]
__cmain                0x800'0429         Code  Gb  cmain.o [4]
__exit                 0x800'045d   0x14  Code  Gb  exit.o [5]
__iar_init_vfp         0x800'0405         Code  Gb  fpinit_M.o [3]
__iar_program_start    0x800'0471         Code  Gb  cstartup_M.o [4]
__low_level_init       0x800'0447    0x4  Code  Gb  low_level_init.o [2]
__vector_table         0x800'0000         Data  Gb  vector_table_M.o [4]
_call_main             0x800'0435         Code  Gb  cmain.o [4]
_exit                  0x800'0451         Code  Gb  cexit.o [4]
_main                  0x800'0443         Code  Gb  cmain.o [4]
delay                  0x800'01e5   0x1e  Code  Gb  main.o [1]
exit                   0x800'044b    0x4  Code  Gb  exit.o [2]
main                   0x800'0205  0x13a  Code  Gb  main.o [1]


[1] = C:\embedded_programming\ST_Test2\Debug\Obj
[2] = dl7M_tln.a
[3] = m7M_tls.a
[4] = rt7M_tl.a
[5] = shb_l.a

  1 148 bytes of readonly  code memory
  2 048 bytes of readwrite data memory

Errors: none
Warnings: none
